test

merge test!
